<!DOCTYPE html>
<html>
    <head>
        <title>Title from TOML</title>
    </head>
    <body>
        
<p>
    Just some <strong>HTML</strong>.
</p>

        <p>Then some HTML from the template</p>
        Finally, a footer from <strong>TOML</strong>
    </body>
</html>