<!DOCTYPE html>
<html>
    <head>
        <title>Title from JSON</title>
    </head>
    <body>
        
        <p>This is an alternate template</p>
        Finally, a footer from <strong>JSON</strong>
    </body>
</html>