<!DOCTYPE html>
<html>
  <head>
    <meta charset="utf-8">
    <meta name="viewport" content="width=device-width, initial-scale=1">
    <title>London</title>
    <link rel="stylesheet" href="https://cdnjs.cloudflare.com/ajax/libs/bulma/0.7.1/css/bulma.min.css" type="text/css" />
  </head>
  <body>
    <section class="section">
      <div class="container">
        
          <h1 class="title is-1">London Weather</h1>
          <div class="columns">
            
            <div class="column">
              <div class="card">
                <div class="card-content">
                  <p class="title is-3">10/08</p>
                  <figure class="image">
                    <img src="/static/img/weather/hc.svg" alt="Heavy Cloud">
                  </figure>
                  <div class="content has-text-centered">
                    <p class="title is-4">Heavy Cloud</p>
                    <p class="title is-4">8.1 - 17.4&deg; C</p>
                    <p class="title is-4">Humidity 71%</p>
                  </div>
                </div>
              </div>
            </div>
            
            <div class="column">
              <div class="card">
                <div class="card-content">
                  <p class="title is-3">10/09</p>
                  <figure class="image">
                    <img src="/static/img/weather/lc.svg" alt="Light Cloud">
                  </figure>
                  <div class="content has-text-centered">
                    <p class="title is-4">Light Cloud</p>
                    <p class="title is-4">9.9 - 19.7&deg; C</p>
                    <p class="title is-4">Humidity 66%</p>
                  </div>
                </div>
              </div>
            </div>
            
            <div class="column">
              <div class="card">
                <div class="card-content">
                  <p class="title is-3">10/10</p>
                  <figure class="image">
                    <img src="/static/img/weather/lc.svg" alt="Light Cloud">
                  </figure>
                  <div class="content has-text-centered">
                    <p class="title is-4">Light Cloud</p>
                    <p class="title is-4">11.9 - 22.7&deg; C</p>
                    <p class="title is-4">Humidity 69%</p>
                  </div>
                </div>
              </div>
            </div>
            
            <div class="column">
              <div class="card">
                <div class="card-content">
                  <p class="title is-3">10/11</p>
                  <figure class="image">
                    <img src="/static/img/weather/s.svg" alt="Showers">
                  </figure>
                  <div class="content has-text-centered">
                    <p class="title is-4">Showers</p>
                    <p class="title is-4">14.3 - 19.6&deg; C</p>
                    <p class="title is-4">Humidity 70%</p>
                  </div>
                </div>
              </div>
            </div>
            
            <div class="column">
              <div class="card">
                <div class="card-content">
                  <p class="title is-3">10/12</p>
                  <figure class="image">
                    <img src="/static/img/weather/hc.svg" alt="Heavy Cloud">
                  </figure>
                  <div class="content has-text-centered">
                    <p class="title is-4">Heavy Cloud</p>
                    <p class="title is-4">13.4 - 19.6&deg; C</p>
                    <p class="title is-4">Humidity 69%</p>
                  </div>
                </div>
              </div>
            </div>
            
            <div class="column">
              <div class="card">
                <div class="card-content">
                  <p class="title is-3">10/13</p>
                  <figure class="image">
                    <img src="/static/img/weather/hc.svg" alt="Heavy Cloud">
                  </figure>
                  <div class="content has-text-centered">
                    <p class="title is-4">Heavy Cloud</p>
                    <p class="title is-4">15.6 - 21.1&deg; C</p>
                    <p class="title is-4">Humidity 67%</p>
                  </div>
                </div>
              </div>
            </div>
            
          </div>
        
        <div class="columns">
          <div class="column">
            <form action="/api/location/search/">
              <div class="field has-addons">
                <div class="control">
                  <input class="input" type="text" name="query" placeholder="Find a city">
                </div>
                <div class="control">
                  <input class="button is-info" type="submit" value="Search"/>
                </div>
              </div>
            </form>
          </div>
          <div class="column">
            <p class="has-text-right">data provided by <a href="https://www.metaweather.com/">metaweather.com</a></p>
          </div>
        </div>
      </div>
    </section>
    .Doc.body should be empty
  </body>
</html>