<!DOCTYPE html>
<html>
    <head>
        <title>badjson</title>
    </head>
    <body>
        {
    "footer": "Finally, a footer from <strong>JSON</strong>"
    title: Title from JSON
}

<p>
    Just some <strong>HTML</strong>.
</p>
        <p>Then some HTML from the template</p>
        <no value>
    </body>
</html>